Símbolo         Valor Decimal   Valor Hexadecimal
-------         -------------   -----------------
_APP                      256                 100
_SISTEMA                  128                  80
KBHIT                       0                   0
GETCHAR                     1                   1
PUTCHAR                     2                   2
PUTMSG                      3                   3
SETCURSOR                   4                   4
SETWALL                     5                   5
READ                        6                   6
MOVE00                      7                   7
MOVE                        8                   8
MOVING                      9                   9
GETCAMERA                  10                   A
AGUARDA_ENTER             306                 132
AGUARDA_WALL              320                 140
PAREDE_N_ENTER            423                 1A7
PAREDE_VAL                477                 1DD
AGUARDA_ENTER_2           601                 259
NAO_CZIN                  619                 26B
NAO_CZAO                  629                 275
WHILE                     677                 2A5
CANCELA                   713                 2C9
SEM_TECLA                 755                 2F3
VOLTA                     847                 34F
CONTINUA                  863                 35F
IGUAL                     949                 3B5
MOVE_HOR                  969                 3C9
ESPERA                    985                 3D9
MENOR                    1001                 3E9
MAIOR                    1025                 401
FORA_WALL                1055                 41F
FINALIZA                 1059                 423
AGUARDA_ENTER3           1151                 47F
CONVERTE_ASCII           1169                 491
MI_DEZ                   1179                 49B
MI_VINTE                 1203                 4B3
MI_TRINTA                1227                 4CB
MI_QUARENTA              1251                 4E3
MI_CINQUENTA             1277                 4FD
UNIDADE                  1301                 515
MI_SESSENTA              1316                 524
MI_SETENTA               1340                 53C
MI_OITENTA               1364                 554
MI_NOVENTA               1388                 56C
PAREDE                   3072                 C00
LARG                     3074                 C02
ALT                      3076                 C04
VAZIOS                   3078                 C06
BONS                     3080                 C08
DANIFICADOS              3082                 C0A
X                        3084                 C0C
Y                        3086                 C0E
DIRECAO                  3088                 C10
TOTAL                    3090                 C12
LIMPA_VISOR              3092                 C14
MSG_INICIAL              3129                 C39
MSG_PAREDE               3166                 C5E
MSG_ENCERRAMENTO         3185                 C71
MSG_PAREDE_INV           3206                 C86
MSG_PAREDE_N             3233                 CA1
MSG_LARG                 3241                 CA9
MSG_ALT                  3252                 CB4
MSG_COORD_1              3262                 CBE
MSG_COORD_2              3276                 CCC
MSG_BOM                  3281                 CD1
MSG_VAZIO                3285                 CD5
MSG_DANIFICADO           3291                 CDB
MSG_FINAL_1              3302                 CE6
MSG_FINAL_2              3309                 CED
MSG_FINAL_3              3320                 CF8
